--------------------------------------------------------------------------------------
Timing Analyzer Summary
--------------------------------------------------------------------------------------

Type           : Worst-case tsu
Slack          : N/A
Required Time  : None
Actual Time    : 5.424 ns
From           : reset
To             : Controle:controle|estado[3]
From Clock     : --
To Clock       : clock
Failed Paths   : 0

Type           : Worst-case tco
Slack          : N/A
Required Time  : None
Actual Time    : 16.357 ns
From           : MuxAluSrcB:MuxAluSrcB|MuxAluSrcBOut[3]
To             : AluResult[30]
From Clock     : clock
To Clock       : --
Failed Paths   : 0

Type           : Worst-case th
Slack          : N/A
Required Time  : None
Actual Time    : -2.828 ns
From           : reset
To             : Controle:controle|LSControl[0]
From Clock     : --
To Clock       : clock
Failed Paths   : 0

Type           : Clock Setup: 'clock'
Slack          : N/A
Required Time  : None
Actual Time    : 41.44 MHz ( period = 24.130 ns )
From           : MuxAluSrcB:MuxAluSrcB|MuxAluSrcBOut[3]
To             : Controle:controle|PCWrite
From Clock     : clock
To Clock       : clock
Failed Paths   : 0

Type           : Clock Hold: 'clock'
Slack          : Not operational: Clock Skew > Data Delay
Required Time  : None
Actual Time    : N/A
From           : Registrador:AluOut|Saida[13]
To             : MuxMemToReg:MuxMemToReg|MuxMemToRegOut[13]
From Clock     : clock
To Clock       : clock
Failed Paths   : 1250

Type           : Total number of failed paths
Slack          : 
Required Time  : 
Actual Time    : 
From           : 
To             : 
From Clock     : 
To Clock       : 
Failed Paths   : 1250

--------------------------------------------------------------------------------------

